
> ghost-camp@0.1.0 build
> next build

Ôû▓ Next.js 16.1.6 (Turbopack)
- Environments: .env.production.local, .env.local

node.exe : ÔÜá The 
"middleware" file 
convention is 
deprecated. Please use 
"proxy" instead. Learn 
more: https://nextjs.or
g/docs/messages/middlew
are-to-proxy
No C:\Program Files\nod
ejs\npm.ps1:29 
caractere:3
+   & $NODE_EXE 
$NPM_CLI_JS $args
+   ~~~~~~~~~~~~~~~~~~~
~~~~~~~~~~
    + CategoryInfo     
         : 
NotSpecified: (ÔÜá     
The "middle...leware-  
  to-proxy:String) [], 
R    emoteException
    + 
FullyQualifiedErrorI   
 d : NativeCommandError
 
  Creating an optimized production build ...
Ô£ô Compiled successfully in 15.2s
  Running TypeScript ...
  Collecting page data using 19 workers ...
  Generating static pages using 19 workers (0/13) ...
  Generating static pages using 19 workers (3/13) 
  Generating static pages using 19 workers (6/13) 
  Generating static pages using 19 workers (9/13) 
Ô£ô Generating static pages using 19 workers (13/13) in 1617.9ms
  Finalizing page optimization ...

Route (app)
Ôöî Ôùï /
Ôö£ Ôùï /_not-found
Ôö£ Ôùï /admin/bookings
Ôö£ Ôùï /admin/dashboard
Ôö£ Ôùï /admin/equipments
Ôö£ Ôùï /admin/equipments/new
Ôö£ Ôùï /admin/login
Ôö£ Ôùï /admin/settings
Ôö£ ãÆ /api/auth/session
Ôö£ Ôùï /catalogo
Ôö£ ãÆ /catalogo/[id]
Ôöö Ôùï /mochila


ãÆ Proxy (Middleware)

Ôùï  (Static)   prerendered as static content
ãÆ  (Dynamic)  server-rendered on demand

